Aymara 4
Exon 5
Fourierist 2
Leonnoys 1
Microhymenoptera 4
Passeres 4
Saturniidae 2
Tursiops 3
Wessexman 4
aceology 4
afear 1
amercer 2
arabitol 2
barytosulphate 1
besom 3
boltonite 3
botherheaded 1
buddage 2
cathodal 1
charger 3
chondriosome 2
churchwoman 1
collencyte 1
corroborant 1
crises 3
deepness 1
demanding 3
desmocyte 1
enmass 2
epistolary 1
ferromagnetic 5
fortuitously 2
glossohyal 2
gluttonize 2
grun 1
gruntled 2
gustative 2
hambergite 4
hebetation 5
homekeeper 4
illustrable 4
imposturism 1
infoliate 3
infrascientific 1
infratubal 1
ingle 1
interresponsible 2
kilerg 1
laminiferous 3
lax 1
leucopoiesis 3
lithesomeness 4
macrophyllous 2
multilateral 2
nastiness 2
nether 1
neuropathic 1
nipcheese 4
obscenely 3
otheoscope 2
ovariocele 3
overloud 2
overpraise 3
oysterhood 2
paranoid 2
phloxin 2
pilgrimism 6
preteritness 2
pseudochronism 2
pumicer 1
remigration 2
respectless 3
retaliator 3
reurge 2
revert 1
seborrhagia 4
sloyd 1
sublinear 3
superstitiousness 2
syllab 1
taccada 3
tragicality 2
transcendentness 2
tutorhood 2
unabsurd 2
unaccustom 2
underroll 1