Apterygiformes 5
Araucariaceae 1
Gothlander 2
Northumbrian 7
Seaforthia 2
agatiform 2
alter 1
ambeer 4
appraisive 6
autothermy 1
balanoblennorrhea 2
ballistae 3
blundersome 5
brettice 2
campanini 4
cenogenetic 3
comism 5
conciliation 3
counterstimulate 3
crutchlike 3
cumuli 4
cumyl 3
diphosgene 3
disapostle 4
edeomania 4
enlard 3
enruin 1
frosh 1
galvanist 4
glazy 1
grushie 1
guativere 4
hedonist 3
hemispasm 6
heptahydrated 3
herbaria 3
honest 3
hoppingly 2
hyperkeratosis 1
hypostrophe 3
iconodulist 2
industrialization 2
insularism 1
interestingly 2
kallitype 4
lile 5
luxe 6
membracid 2
mesorectum 6
mineral 3
mingwort 5
misbusy 2
molybdena 1
muttonhood 1
naphthylamine 6
nonclassical 2
nonconscious 4
overtakable 2
overworship 3
paludrine 3
parthenian 3
pecunious 3
pericranitis 6
perissological 3
postrorse 2
preferredness 4
prepublish 1
prosubscription 4
protrusile 3
reballot 2
reintroduce 2
repairable 7
rheumatically 2
ringgiving 3
sarkar 4
schoolward 1
serviceableness 2
shikken 1
stationman 2
stringpiece 4
strumousness 1
superaccommodating 3
terrella 1
tropeic 6
twat 2
ultrafastidious 4
undependent 5
undertrump 4
unmammalian 1
unquartered 2
unrequiting 2
unulcerated 4
unwaged 4
venomy 6
vermeologist 4
weaken 3
widowery 2
zoopathological 4