Aizoaceae 4
Gyges 2
Hypergon 4
Imer 2
Pilot 2
Plymouthism 5
Polonial 3
agomphosis 4
agrostological 5
ahind 3
amir 2
appositional 3
aspermous 5
attensity 5
birefringent 1
brachypnea 5
bristlecone 4
calfskin 8
catastaltic 6
chert 4
choosing 3
claybank 4
coecal 4
coembody 5
compactness 2
contributiveness 3
crinal 4
cryptozygosity 3
cuproplumbite 2
curvation 5
decant 7
decurrently 3
descendant 6
doolee 2
electrodialyze 2
embezzle 4
equiperiodic 5
euhemeristically 4
firearm 3
flushness 12
fugitivity 6
galvayne 1
groop 5
gyascutus 2
gynecocratical 3
hookworm 7
horsefish 2
hypophamin 3
imperishably 3
inconsidered 3
inohymenitic 3
klendusic 1
laurelwood 3
loaded 6
lordosis 1
mesotropic 2
mooseberry 4
naggish 1
novantique 5
ovalescent 1
overfagged 6
paralambdacismus 3
periblem 4
planiscope 9
postremogeniture 2
pummice 6
ratheness 5
recitativical 1
redye 3
reimbody 6
relishingly 4
retransfer 3
scalytail 6
seafaring 4
snowscape 5
sphingosine 4
spindlage 3
squirearchy 7
stalwartly 5
stitchwork 6
suboffice 6
sunnyheartedness 4
tartarated 5
teletherapy 2
termagant 5
tileseed 3
tongueplay 2
trachybasalt 6
truncher 7
undepravedness 4
unemptiable 5
unexclusive 5
unwarnedly 7
ureameter 9
valiancy 3
verisimility 2
whiteback 5
wreathmaking 6