Achernar 5
Anchistopoda 4
Colombian 4
Diadelphia 8
Eurypygidae 2
Fidele 6
Gaelicization 8
Hemibasidiales 7
Hypericales 2
Illuminism 4
Palamitism 3
Vilela 1
Wolffianism 4
acromegaly 5
addicted 4
aquacultural 5
aquatile 2
beefhead 7
bolographically 5
bulbose 3
cenobitically 3
centonical 2
circuminsular 9
confession 6
crept 4
decempunctate 3
decolorization 5
dilator 2
dragonet 5
eccentring 3
enterauxe 4
escudo 6
euphemize 9
excommunicator 2
exemptile 5
fringed 11
furzery 3
gashes 6
gewgawish 5
glottologic 11
harmfulness 4
hereditably 7
inobtrusive 5
instigatingly 2
intracosmic 6
isomelamine 2
legitimatize 4
masterful 6
meltability 7
mesoderm 5
metopon 6
multivoltine 5
musimon 7
nautiloid 5
nonunited 6
notandum 6
notidanidan 4
oenocytic 9
oncosimeter 3
outarde 5
ovatotriangular 5
overglance 3
palatalize 5
paurometabolism 1
phantasmological 6
preacetabular 5
pronephric 5
psychotechnological 7
pulsatory 6
recremental 9
sartorially 2
sermonology 8
shicker 1
silica 5
sisterless 7
sixteenfold 8
skaldship 9
slantwise 3
softy 4
solaceful 5
spiderless 9
steeler 7
strophotaxis 3
superenergetic 5
swithe 4
teleostomate 4
tetragonus 6
themer 4
triumphance 7
twitch 3
udaller 4
unbaffling 3
unrippled 1
unsmoked 3
untossed 7
upalley 7
upstart 9
velleda 4
whitecoat 6
yamph 3