Abama 8
Antigone 13
Avicennia 7
Cardanic 10
Glumales 6
Lepidotes 6
Lucan 10
Scoliidae 9
Semnopithecinae 11
Sergio 12
Sphingurus 14
Strophomenidae 7
Tammanyism 12
Taungthu 7
Thecosomata 11
Thunnidae 8
Vladislav 15
affectionately 11
alarmable 11
amphicarpous 10
arteriectopia 10
asexuality 11
balei 7
beavery 5
beglamour 6
bobbin 9
bowermaiden 6
breastplow 10
caban 9
camphorize 11
caricology 7
chantress 9
cicatricula 6
coxarthrocace 10
cycling 16
daggerlike 10
decaphyllous 13
depaint 5
desmognathous 8
disanimation 10
discomposing 7
floater 8
fullface 10
hemopiezometer 19
hydrobarometer 6
insolence 9
inwound 12
kelk 14
maladdress 6
maple 18
mesology 9
mesophilic 6
monothelious 11
nitramino 5
nonexchangeable 12
nonlisting 11
oligoprothesy 16
orgiast 10
orthotolidin 13
outportion 11
overswirling 11
paragraphistical 5
phonetization 11
picine 10
pileus 8
piligerous 9
polystele 11
possessionist 13
preanaphoral 17
precartilaginous 11
protocolist 13
rach 6
redintegrator 6
semifluidity 7
shoddydom 6
siderite 15
sithe 7
snoopy 16
societary 6
solifluction 13
spondylizema 14
suggestibly 3
superglottal 13
superhistoric 3
tarrock 6
thecodont 11
triphyline 15
tunnellike 9
undefendably 10
undomesticated 9
uninhabitability 12
unmetalized 9
unrated 15
untenacity 12
uphillward 15
valley 10
varec 9
vinculum 14
whareer 13
worming 8