Abelonian 5
Aesculapian 6
Aviculariidae 4
Copepoda 7
Guttiferae 4
Lecythidaceae 6
Linopteris 8
Mathurin 5
Parisian 7
Poecile 7
Rupicapra 9
Serge 6
Tamara 7
abortion 5
abusefully 5
accinge 7
adiantiform 11
adnominally 5
aftergrave 5
afterthought 3
aneurysmally 6
anomuran 1
apparence 5
aratory 7
asphaltic 6
autocall 6
autotherapeutic 4
beclout 4
bedeaf 4
bemask 6
canroyer 7
catella 10
cephalology 8
charisma 5
chromotypy 2
competition 5
complainingly 7
cookshack 3
counterturned 4
cupuliform 5
curio 6
curtain 10
defeatism 5
demiurgically 2
dermamyiasis 7
dispersoid 7
dornock 5
dotish 11
ecliptic 10
enantiobiosis 4
exemplificator 5
extraclassroom 3
ferrocyanic 3
floodometer 7
foreiron 4
galgal 4
genitourinary 6
glorious 6
glottologic 6
glycohaemia 9
gonal 7
harebrained 6
heliometry 9
hexachronous 3
inherit 4
intercomplimentary 4
interosculation 9
intrepidness 7
isocodeine 3
kafiz 2
klipdachs 3
kulimit 7
linenman 6
linkwork 4
manger 6
masser 6
mercuriamines 4
morigerous 3
morselization 12
nagging 6
neffy 6
nitid 7
nonamendable 7
nor 5
omnisufficiency 7
oosporous 5
opossum 2
optophone 6
osmotic 7
outwake 7
ovarioabdominal 5
overempty 5
overluxurious 4
palmiped 4
panne 8
parasceve 7
paraselene 3
pemphigoid 7
perceptually 3
phanerozonate 6
phenylcarbamic 7
pitchout 9
plumpy 7
polygon 6
popshop 7
prayermaker 4
preachment 4
precondensation 6
procollectivistic 5
pseudoepiscopal 8
psychony 10
puborectalis 13
refinement 5
roseal 1
selagite 7
seminally 7
shilf 17
slipproof 8
sluig 7
spalacine 2
stagelike 6
stegocephalian 8
subarchitect 8
swinepipe 8
targetman 8
tasted 6
termolecular 7
tessular 6
testaceous 6
thereckly 5
thromboplastic 11
titheless 3
tonation 8
toque 1
tousy 7
tridecene 12
uncumbered 4
undaub 9
unexposed 3
unpurified 5
unshrew 11
unworkability 5
varices 4
vervecine 8
vespering 6
vinata 3
virify 6
volitionalist 6
waggery 4
woodpenny 7