Argolic 5
Aten 5
Belemnites 13
Charybdis 9
Dioscoreaceae 11
Flamandization 8
Guatoan 11
Melitaea 11
Nototrema 9
Physocarpus 9
Pycnogonida 10
Schisandraceae 5
Semecarpus 6
Singfo 9
Sintsink 6
Socinian 8
alarmed 11
alkalizate 9
alveolariform 6
antianaphylactogen 8
antipeptone 4
autoasphyxiation 5
autoeroticism 3
backwood 8
bechirp 8
bibliotaph 10
biconvex 5
bindingly 6
broadwife 12
caeciform 10
chainman 5
cheatrie 8
clairvoyancy 9
clouterly 11
collarless 5
commencement 6
committent 10
courier 9
crickety 10
dacryopyosis 10
devolution 5
disdainer 3
disedification 6
domineerer 7
duali 6
eker 13
emotion 9
expel 10
expositoriness 10
fady 8
fatheadedness 10
featherback 9
flexuousness 12
foresay 13
forhow 8
forrit 11
fosteringly 2
frolicsomeness 6
grizzle 12
grooveless 12
heartfelt 8
hello 9
idrialite 7
illimitation 6
immotioned 7
impersuadableness 7
impressionistically 6
inferiority 6
inspectioneer 14
intercolumn 6
intercutaneous 4
irreconcilability 12
jurisdictionalism 8
kittel 9
knuckled 8
lamellary 10
landlike 9
latter 9
logography 9
loudly 7
loxodograph 6
lucent 9
marmarosis 13
melodiousness 3
methane 9
multisonous 7
multitudinous 5
name 8
naucrar 8
nebula 12
necklet 7
nonvolant 6
omophagia 3
pantamorphia 7
parallelogrammatical 8
pedicellation 6
perfection 10
pericemental 4
perichondrium 9
picoline 4
pleustonic 10
plotting 10
plumage 9
proctorling 8
psychosome 9
reaver 7
recarbonate 9
reconciliator 9
repellance 9
revacate 8
rime 5
semiloyalty 6
septicopyemic 8
sewer 8
silicon 10
sociable 5
soldan 7
spermidine 10
spirketing 9
streakily 5
subnatural 9
subvariety 8
supersensual 4
surquedry 5
sutlership 2
tappableness 9
tenontodynia 10
tensiometer 17
termage 10
terphenyl 7
transilluminator 7
transnaturation 8
tryt 3
turriculae 6
ultima 8
uncharacter 10
unconstancy 5
undershrubby 8
unemployable 3
ungentile 15
unimpeachability 12
unreprovedness 6
unsolicitousness 11
unwired 9
upkeep 11
wainbote 8
weblike 9
wilded 9
witloof 4
yardage 6