Antaiva 12
Aulacomnium 5
Chilopsis 6
Daltonist 9
Desmoncus 14
Factice 15
Gatha 10
Herculanian 11
Iapygian 10
Lobale 9
Lusiad 9
Machiavellic 6
Matchotic 10
Nigella 4
Oscines 7
Psychidae 15
Rhyniaceae 13
Rotatoria 9
Scamandrius 11
Sequani 9
Sharira 14
Theban 16
Vermetus 16
acervately 8
aerotonometric 11
amaze 8
amnia 14
angeyok 4
anthropophuistic 5
arthrosis 12
aspartyl 12
avenaceous 11
blanquillo 5
brayer 14
brockle 12
cecity 5
cenobian 15
chalcotrichite 6
circumparallelogram 7
coinspire 12
copperish 8
cosmopolitic 11
courageousness 10
crebrisulcate 12
creedsman 14
crumpler 12
cytogenetics 17
decentralize 11
dikaryophase 12
diminish 13
disfurnish 13
disseizee 12
dive 13
eftest 11
emarginate 11
endevil 4
epibasal 9
exordial 7
fabricator 7
fot 7
freakdom 6
galvanopuncture 14
gastrothecal 11
glibly 7
haplessly 9
hetaeria 15
hexaradial 11
hirsel 11
histoplasmosis 11
holdsman 9
indumentum 8
infinitesimally 6
infratrochanteric 11
insurrectionism 11
internuncius 18
isthmoid 17
lavisher 9
lightness 10
littlewale 7
magnecrystallic 10
manticore 10
marasmus 6
marginality 9
marialite 6
medicator 14
methylpropane 7
moonlitten 9
multiengine 7
mutate 5
myeloma 14
nonnavigable 12
nonstatic 11
nosopoetic 10
outscold 7
parachrose 7
paramagnetism 10
pawnie 9
petrolean 7
phosphoglyceric 8
physoclistic 8
podophthalmian 12
poliomyelitis 12
proctodaeum 8
protocolize 13
publishership 15
pyrognomic 17
rakery 9
raphide 13
redemptory 4
renopericardial 14
return 12
salutatorily 9
scirrhoid 12
selagite 12
semisaline 9
serositis 7
shellfire 9
slipe 8
smoke 7
snozzle 7
snugify 8
sparganum 7
spellbinder 11
starless 7
stewardess 6
streamlet 13
supererogate 5
tagraggery 10
tancel 13
tarnally 10
thermostatic 11
threadle 11
townswoman 10
triumvirship 8
turment 14
uncinated 6
uncorruptive 14
unfathomability 11
unflintify 8
unilamellar 6
uniovulate 10
unrepentingly 7
unspottedness 10
upness 14
vacuousness 4
venenousness 17
venereal 10
wheelbarrowful 7
wordmanship 12
yocco 9