Acemetic 15
Adamhood 15
Asterope 16
Bhojpuri 14
Cassidulina 10
Durandarte 13
Elysee 15
Grenadian 11
Guana 17
Guran 11
Hirudinidae 12
Jakob 18
Jeremias 18
Langobardic 23
Malayoid 16
Nhan 15
Ping 25
Price 19
Ruellia 15
Trichogramma 15
Trituberculata 12
Zincalo 29
abirritation 20
adreamed 20
advertisement 18
allocrotonic 16
alloerotism 15
antisyndicalism 10
aortomalaxis 22
audile 18
beautiful 19
bloated 15
bronchorrhaphy 13
bruisewort 19
bullan 23
caesural 15
callipygian 13
cerebropontile 20
chromyl 12
coenosite 22
colotyphoid 17
counterthrust 21
countless 13
crouperbush 14
curing 14
dermutation 19
dilater 14
dispassionately 21
divinization 15
durst 19
entozoology 11
erogenic 13
etymography 17
eurypterid 15
exosmotic 14
expiration 20
extracalendar 16
futilize 16
harpylike 18
hydrocystic 11
hypnoses 14
ideamonger 15
iliolumbar 18
inconcludent 18
karyology 20
lamia 21
lavage 16
limit 14
lithic 15
loneness 11
madrigal 18
malgrace 21
malicious 19
microcolorimetrically 21
nerveless 16
neurectome 10
neurolytic 10
newspaper 25
ninetyfold 18
nullificationist 15
orthitic 20
orthotoluic 18
ostreophagous 20
papyrotamia 22
pedanticism 16
pegmatize 18
pelicometer 12
penis 17
perceptible 20
peristalsis 21
pixilated 11
preally 19
precourse 19
prejacent 10
preternormal 17
profanable 22
propagandize 23
protanopic 16
proterotype 24
questionlessly 25
quickborn 14
reannexation 15
rebukeful 22
recapitulationist 12
redivivus 19
reforecast 23
refractional 12
rewall 10
roomage 14
sanguinicolous 23
scalene 15
sclerema 26
scopulous 13
semifloscule 11
shaky 17
sierran 8
singeing 14
spatterproof 21
spitzkop 17
statuarist 13
stewable 20
submundane 14
subvendee 14
swanner 24
switchgear 15
tailorhood 16
talukdari 14
tenoroon 20
tentamen 11
thirteenth 16
townee 21
transmold 17
tubinarial 11
turbary 14
unaffectionately 15
underaction 16
unemended 14
unfructify 20
unhouseled 17
uniangulate 19
unscarfed 16
unsepulchral 19
unsuccessful 17
uzarin 14
vampirism 15
venousness 20
visaged 13
widen 21
woorari 14
workmanliness 17