Acoemeti 9
Agaz 9
Alemannic 7
Antonia 13
Brissotin 9
Cheilodipterus 10
Christianiadeal 14
Craig 10
Crypturidae 10
Daltonism 14
Darwinistic 13
Euphausiacea 14
Exon 6
Gyrodactylidae 11
Harpa 9
Lavinia 17
Monotheletian 5
Mundari 15
Nahua 9
Oldhamia 9
Ophiuroidea 13
Ottweilian 8
Pimpla 13
Rahul 7
Ratitae 7
Sedum 14
Sergio 14
Sonneratia 11
Tab 10
Thoroughbred 12
Tonikan 10
Tyrian 10
Woodruff 12
absorptiveness 5
accubitus 8
acrobatism 8
adenophorous 9
aeropathy 7
aition 10
aldol 11
allemand 7
aluminiferous 14
amphibolous 9
ananepionic 13
anchorlike 6
anemoclastic 8
animalian 12
animalish 4
anneloid 15
answeringly 11
antinatural 13
antiphonic 4
apologue 7
arsylene 13
aureous 6
azilut 11
bacilli 9
balmy 13
bareness 7
beastish 13
beatinest 7
beautiful 13
bediaper 9
begohm 9
binnacle 5
bitterhead 12
blackwater 8
blamed 9
boatlike 15
bontebuck 10
brainless 6
bulldog 8
businesslike 10
buttercup 10
cachinnation 10
cadaveric 15
calmy 12
cannach 11
capsheaf 17
carpentering 13
castigable 10
chapleted 12
cholesteatomatous 13
chondropterygious 13
chromosphere 11
chthonic 7
claustrophobia 6
coddle 8
coky 15
coronally 9
coyan 11
craniate 12
criminalistician 4
culmy 9
cyclopism 4
dacryoadenitis 8
dada 15
dalesman 8
dandruff 17
datolite 10
decentness 13
demagoguery 9
denaturate 9
denunciatively 15
depilatory 10
designation 11
desired 11
dexiotropic 10
dichroscopic 10
digitally 10
dissectible 7
distensive 4
donship 10
draughtsmanship 14
drudgingly 12
eligible 11
emplace 13
encircler 12
enjambed 8
enumerate 9
epibolism 16
escapingly 8
esquire 10
ethylhydrocupreine 8
fingerwork 11
fluoboric 9
foregoer 12
gamont 10
gentilization 14
gitoxigenin 8
glaserite 8
gliderport 9
globulous 12
glucolysis 13
glycerophosphoric 8
gool 11
grin 7
harmonist 8
haruspicy 14
heteroauxin 11
hodometer 7
hustle 6
hydrocycle 14
hyperacuteness 15
hyperoon 7
hypersalivation 4
hyssop 12
illiberally 13
imperatorian 13
implodent 15
inosite 9
ionone 14
jolter 6
leatherback 8
lepidopteral 5
literacy 10
localize 4
lowerer 11
lucifugal 7
lumberjack 14
lurky 14
lyam 12
maidenlike 11
mallear 7
mandibuliform 7
melanterite 12
mensurably 12
metapsychics 11
metrectopic 12
molariform 10
monadnock 8
mononitrobenzene 9
mote 19
mufty 6
mycodermic 13
mythically 9
nematoidean 15
neurexairesis 14
nipplewort 7
nongypsy 13
nonobedient 12
nonpolarizable 5
nonsolvent 11
normal 8
ocreaceous 10
odoom 11
outroll 9
overbrimmingly 5
overburden 8
ovological 13
pagodalike 11
passionary 10
pathomania 9
pathopoiesis 9
patwari 7
peaceably 10
pedicellar 7
phenomenalistic 6
phosphorism 11
photofinish 9
phytoecological 8
pickpole 10
plagiary 14
plagueful 5
playerdom 10
pleurotribe 9
plumage 6
plurennial 9
poliomyelopathy 4
polychromatophile 7
polychronious 10
poppability 8
pornographist 6
postclitellian 14
postcontract 10
praecordial 10
predicrotic 11
proapportionment 15
prospectively 10
pugilant 6
raga 11
ragweed 12
reassociation 6
recrucify 13
reflexive 6
refractivity 17
resorptive 12
retrocardiac 8
revertible 9
reviewal 10
rod 8
scaling 9
schappe 11
sciuromorphic 15
scorchingness 12
semibachelor 10
shillibeer 10
shonkinite 6
shootboard 13
simuler 9
skimmingly 14
skyrockety 13
snaff 5
snagger 9
sonification 10
sordes 6
spondylotherapy 10
sportive 15
spurflower 11
squamousness 9
stagnant 5
stude 6
subarrhation 8
subvisible 11
supplicant 13
syndication 8
tangi 15
tawite 9
tealery 12
teeting 8
tergal 17
tetraxonian 7
thatchless 9
thirstily 9
thither 10
tinklingly 8
tonalamatl 11
toothlessly 14
treponemiasis 9
tricuspidal 6
tridermic 10
triketo 8
truantness 10
ulcerate 11
unaffected 13
unamusement 11
unceremented 9
unchauffeured 8
uncredulous 14
uncriticizing 12
underbillow 7
underwriting 6
unendowing 8
unfrost 13
unfuturistic 12
unlivery 6
unnaturality 3
unseared 14
unshrined 12
unvoidable 8
variolation 8
ventrodorsal 11
vibratile 11
virify 7
vitochemic 10
waldgrave 12
walsh 7
wur 9
yardland 3
yoe 12